Nuitka-Options: Used command line options:
Nuitka-Options:   --standalone --onefile --windows-disable-console --windows-product-name=GeoAnnotate3D --windows-product-version=1.0.0.0 --windows-file-version=1.0.0.0 --windows-company-name=GeoAnnotate3D --windows-icon-from-ico=ui/icon.ico --enable-plugin=pyqt5 --enable-plugin=numpy --enable-plugin=torch --include-package=torch --include-package=torch.nn --include-package=torch.optim --include-package=torch.utils --include-package=torch.utils.data --include-package=torch.cuda --include-package=torch.backends --include-package=torch.backends.cudnn --include-package=vtk --include-package=vtkmodules --include-package=laspy --include-package=pye57 --include-package=scipy --include-package=scipy.spatial --include-package=scipy.interpolate --include-package=scipy.ndimage --include-package=sklearn --include-package=sklearn.neighbors --include-package=matplotlib --include-package=matplotlib.cm --include-package=matplotlib.colors --include-package=h5py --include-package=psutil --include-package=colorsys --include-package=importlib --include-package=importlib.util --include-package=core --include-package=render --include-package=annotation --include-package=ui --include-data-files=core/_fastcore*.pyd=core/ --include-data-dir=core=core --noinclude-unittest-mode=nofollow --python-flag=no_site --python-flag=no_warnings --assume-yes-for-downloads --output-dir=dist --output-filename=GeoAnnotate3D --jobs=4 main.py
Nuitka:WARNING: The old console option '--disable-console' should not be given anymore, use '--windows-console-mode=disable' instead. It also has the extra mode 'attach' to consider.
Nuitka-Plugins:WARNING: numpy: This plugin has been deprecated, do not enable it anymore.
Nuitka-Plugins:WARNING: pyqt5: For the obsolete PyQt5 the Nuitka support is incomplete. Threading, callbacks to compiled functions, etc. may not be working.
Nuitka-Plugins:WARNING:     Complex topic! More information can be found at https://nuitka.net/info/pyqt5.html
Nuitka-Plugins:WARNING: torch: This plugin has been deprecated, do not enable it anymore.
Nuitka: Starting Python compilation with:
Nuitka:   Version '4.0.8' on Python 3.12 (flavor 'Unknown') commercial grade 'not installed'.
Nuitka-Plugins:options-nanny: Using module 'trio._core._ki' (version 0.31.0) with incomplete support: Disabled careful handling of KeyboardInterrupt in 'trio'
Nuitka-Plugins:WARNING: anti-bloat: Undesirable import of 'IPython' in 'h5py.ipy_completer' (at '~\AppData\Roaming\Python\Python312\site-packages\h5py\ipy_completer.py:48') encountered. It may slow down compilation.
Nuitka-Plugins:WARNING:     Complex topic! More information can be found at https://nuitka.net/info/unwanted-module.html
Nuitka-Plugins:WARNING: anti-bloat: Undesirable import of 'IPython' in 'h5py.ipy_completer' (at '~\AppData\Roaming\Python\Python312\site-packages\h5py\ipy_completer.py:50') encountered. It may slow down compilation.
Nuitka-Plugins:WARNING:     Complex topic! More information can be found at https://nuitka.net/info/unwanted-module.html
Nuitka-Plugins:WARNING: anti-bloat: Undesirable import of 'IPython' in 'h5py.ipy_completer' (at '~\AppData\Roaming\Python\Python312\site-packages\h5py\ipy_completer.py:51') encountered. It may slow down compilation.
Nuitka-Plugins:WARNING:     Complex topic! More information can be found at https://nuitka.net/info/unwanted-module.html
Nuitka-Plugins:WARNING: anti-bloat: Undesirable import of 'setuptools' in 'sklearn._build_utils.pre_build_helpers' (at '~\AppData\Roaming\Python\Python312\site-packages\sklearn\_build_utils\pre_build_helpers.py:10') encountered. It may slow down compilation.
Nuitka-Plugins:WARNING:     Complex topic! More information can be found at https://nuitka.net/info/unwanted-module.html
Nuitka-Plugins:WARNING: options-nanny: Module 'torch' has parameter: Torch JIT is disabled by default in standalone mode, make a choice explicit with '--module-parameter=torch-disable-jit=yes|no'
Nuitka-Plugins:anti-bloat: Not including 'pandas.core._numba.extensions' automatically in order to avoid bloat, but this may cause: no numba acceleration.
Nuitka-Plugins:matplotlib: Using configuration file or default backend 'qtagg'.
Nuitka-Plugins:pyqt5: Including Qt plugins 'iconengines,imageformats,mediaservice,platforms,platformthemes,printsupport,styles' below 'PyQt5\qt-plugins'.
Nuitka-Plugins:pyqt5: Found 2 files DLLs from 'OpenSSL' PyQt5 installation.
Nuitka-Plugins:dll-files: Found 2 files DLLs from cv2 installation.
Nuitka-Plugins:dll-files: Found 2 files DLLs from onnxruntime installation.
Nuitka-Plugins:dll-files: Found 1 file DLLs from selenium installation.
Nuitka-Plugins:dll-files: Found 2 files DLLs from sklearn._distributor_init installation.
Nuitka-Plugins:dll-files: Found 1 file DLLs from tensorflow.lite.experimental.microfrontend.python.ops.audio_microfrontend_op installation.
Nuitka-Plugins:dll-files: Found 38 files DLLs from torch installation.
Nuitka-Plugins:dll-files: Found 3 files DLLs from torchvision installation.
Nuitka-Inclusion: Including Windows Runtime DLLs, which increases distribution size. Use '--include-windows-runtime-dlls=no' to disable, or make explicit with '--include-windows-runtime-dlls=yes'.
Nuitka: Completed Python level compilation and optimization.
Nuitka: Generating source code for C backend compiler.
Nuitka: Running data composer tool for optimal constant value handling.
Nuitka: Running C compilation via Scons.
Nuitka-Scons: Backend C compiler: cl (cl 14.5).
